<?xml version="1.0" encoding="UTF-8" ?>
<testsuites name="vitest tests" tests="10" failures="4" errors="0" time="1.285215917">
    <testsuite name="src/__tests__/App.test.jsx" timestamp="2026-08-12T12:15:00.884Z" hostname="CALEB-DESKTOP" tests="1" failures="0" errors="0" skipped="0" time="0.102512766">
        <testcase classname="src/__tests__/App.test.jsx" name="App smoke &gt; renders header" time="0.09936394">
        </testcase>
    </testsuite>
    <testsuite name="src/__tests__/test_suites/AllPlants.test.jsx" timestamp="2026-08-12T12:15:00.888Z" hostname="CALEB-DESKTOP" tests="2" failures="0" errors="0" skipped="0" time="0.317965532">
        <testcase classname="src/__tests__/test_suites/AllPlants.test.jsx" name="1st Deliverable &gt; displays all plants on startup" time="0.262024691">
        </testcase>
        <testcase classname="src/__tests__/test_suites/AllPlants.test.jsx" name="1st Deliverable &gt; plants aren&apos;t hardcoded" time="0.051072676">
        </testcase>
    </testsuite>
    <testsuite name="src/__tests__/test_suites/CreatePlant.test.jsx" timestamp="2026-08-12T12:15:00.891Z" hostname="CALEB-DESKTOP" tests="1" failures="0" errors="0" skipped="0" time="0.349983506">
        <testcase classname="src/__tests__/test_suites/CreatePlant.test.jsx" name="2nd Deliverable &gt; adds a new plant when the form is submitted" time="0.342889237">
        </testcase>
    </testsuite>
    <testsuite name="src/__tests__/test_suites/InStock.test.jsx" timestamp="2026-08-12T12:15:00.894Z" hostname="CALEB-DESKTOP" tests="1" failures="0" errors="0" skipped="0" time="0.265627884">
        <testcase classname="src/__tests__/test_suites/InStock.test.jsx" name="3rd Deliverable &gt; marks a plant as sold out" time="0.262419245">
        </testcase>
    </testsuite>
    <testsuite name="src/__tests__/test_suites/SearchPlants.test.jsx" timestamp="2026-08-12T12:15:00.896Z" hostname="CALEB-DESKTOP" tests="1" failures="0" errors="0" skipped="0" time="0.249126229">
        <testcase classname="src/__tests__/test_suites/SearchPlants.test.jsx" name="4th Deliverable &gt; filters plants by name on search" time="0.246017205">
        </testcase>
    </testsuite>
    <testsuite name="react-hooks-plantshop-cr-vite/src/__tests__/test_suites/AllPlants.test.jsx" timestamp="2026-08-12T12:15:00.899Z" hostname="CALEB-DESKTOP" tests="1" failures="1" errors="0" skipped="0" time="0">
        <testcase classname="react-hooks-plantshop-cr-vite/src/__tests__/test_suites/AllPlants.test.jsx" name="react-hooks-plantshop-cr-vite/src/__tests__/test_suites/AllPlants.test.jsx" time="0">
            <failure message="Failed to resolve import &quot;../../components/App&quot; from &quot;react-hooks-plantshop-cr-vite/src/__tests__/test_suites/AllPlants.test.jsx&quot;. Does the file exist?" type="Error">
Error: Failed to resolve import &quot;../../components/App&quot; from &quot;react-hooks-plantshop-cr-vite/src/__tests__/test_suites/AllPlants.test.jsx&quot;. Does the file exist?
  Plugin: vite:import-analysis
  File: /home/gachomocaleb/projects/assignments1/plantshop/react-hooks-plantshop-cr-vite/react-hooks-plantshop-cr-vite/src/__tests__/test_suites/AllPlants.test.jsx:4:16
  2  |  import React from &quot;react&quot;;
  3  |  import { render } from &quot;@testing-library/react&quot;;
  4  |  import App from &quot;../../components/App&quot;;
     |                   ^
  5  |  import &quot;@testing-library/jest-dom/vitest&quot;;
  6  |  import { describe, test, expect } from &quot;vitest&quot;;
 ❯ TransformPluginContext._formatLog node_modules/vite/dist/node/chunks/dep-CfG9u7Cn.js:47802:41
 ❯ TransformPluginContext.error node_modules/vite/dist/node/chunks/dep-CfG9u7Cn.js:47799:16
 ❯ normalizeUrl node_modules/vite/dist/node/chunks/dep-CfG9u7Cn.js:45942:23
 ❯ node_modules/vite/dist/node/chunks/dep-CfG9u7Cn.js:46061:37
 ❯ TransformPluginContext.transform node_modules/vite/dist/node/chunks/dep-CfG9u7Cn.js:45988:7
 ❯ EnvironmentPluginContainer.transform node_modules/vite/dist/node/chunks/dep-CfG9u7Cn.js:47597:18
 ❯ loadAndTransform node_modules/vite/dist/node/chunks/dep-CfG9u7Cn.js:41305:27

⎯⎯⎯⎯⎯⎯⎯⎯⎯⎯⎯⎯⎯⎯⎯⎯⎯⎯⎯⎯⎯⎯⎯⎯⎯⎯⎯⎯⎯⎯⎯⎯⎯⎯⎯⎯⎯⎯⎯⎯⎯⎯⎯⎯⎯⎯⎯⎯⎯⎯⎯⎯⎯⎯⎯⎯⎯⎯⎯⎯⎯⎯⎯⎯⎯⎯⎯⎯⎯⎯⎯⎯⎯⎯⎯⎯⎯⎯⎯⎯
Serialized Error: { __vitest_rollup_error__: { plugin: &apos;vite:import-analysis&apos;, id: &apos;/home/gachomocaleb/projects/assignments1/plantshop/react-hooks-plantshop-cr-vite/react-hooks-plantshop-cr-vite/src/__tests__/test_suites/AllPlants.test.jsx&apos;, loc: { file: &apos;/home/gachomocaleb/projects/assignments1/plantshop/react-hooks-plantshop-cr-vite/react-hooks-plantshop-cr-vite/src/__tests__/test_suites/AllPlants.test.jsx&apos;, line: 4, column: 16 }, frame: &apos;2  |  import React from &quot;react&quot;;\n3  |  import { render } from &quot;@testing-library/react&quot;;\n4  |  import App from &quot;../../components/App&quot;;\n   |                   ^\n5  |  import &quot;@testing-library/jest-dom/vitest&quot;;\n6  |  import { describe, test, expect } from &quot;vitest&quot;;&apos; } }
            </failure>
        </testcase>
    </testsuite>
    <testsuite name="react-hooks-plantshop-cr-vite/src/__tests__/test_suites/CreatePlant.test.jsx" timestamp="2026-08-12T12:15:00.915Z" hostname="CALEB-DESKTOP" tests="1" failures="1" errors="0" skipped="0" time="0">
        <testcase classname="react-hooks-plantshop-cr-vite/src/__tests__/test_suites/CreatePlant.test.jsx" name="react-hooks-plantshop-cr-vite/src/__tests__/test_suites/CreatePlant.test.jsx" time="0">
            <failure message="Failed to resolve import &quot;../../components/App&quot; from &quot;react-hooks-plantshop-cr-vite/src/__tests__/test_suites/CreatePlant.test.jsx&quot;. Does the file exist?" type="Error">
Error: Failed to resolve import &quot;../../components/App&quot; from &quot;react-hooks-plantshop-cr-vite/src/__tests__/test_suites/CreatePlant.test.jsx&quot;. Does the file exist?
  Plugin: vite:import-analysis
  File: /home/gachomocaleb/projects/assignments1/plantshop/react-hooks-plantshop-cr-vite/react-hooks-plantshop-cr-vite/src/__tests__/test_suites/CreatePlant.test.jsx:3:16
  1  |  import React from &quot;react&quot;;
  2  |  import { render, fireEvent } from &quot;@testing-library/react&quot;;
  3  |  import App from &quot;../../components/App&quot;;
     |                   ^
  4  |  import &quot;@testing-library/jest-dom/vitest&quot;;
  5  |  import { describe, test, expect } from &quot;vitest&quot;;
 ❯ TransformPluginContext._formatLog node_modules/vite/dist/node/chunks/dep-CfG9u7Cn.js:47802:41
 ❯ TransformPluginContext.error node_modules/vite/dist/node/chunks/dep-CfG9u7Cn.js:47799:16
 ❯ normalizeUrl node_modules/vite/dist/node/chunks/dep-CfG9u7Cn.js:45942:23
 ❯ node_modules/vite/dist/node/chunks/dep-CfG9u7Cn.js:46061:37
 ❯ TransformPluginContext.transform node_modules/vite/dist/node/chunks/dep-CfG9u7Cn.js:45988:7
 ❯ EnvironmentPluginContainer.transform node_modules/vite/dist/node/chunks/dep-CfG9u7Cn.js:47597:18
 ❯ loadAndTransform node_modules/vite/dist/node/chunks/dep-CfG9u7Cn.js:41305:27

⎯⎯⎯⎯⎯⎯⎯⎯⎯⎯⎯⎯⎯⎯⎯⎯⎯⎯⎯⎯⎯⎯⎯⎯⎯⎯⎯⎯⎯⎯⎯⎯⎯⎯⎯⎯⎯⎯⎯⎯⎯⎯⎯⎯⎯⎯⎯⎯⎯⎯⎯⎯⎯⎯⎯⎯⎯⎯⎯⎯⎯⎯⎯⎯⎯⎯⎯⎯⎯⎯⎯⎯⎯⎯⎯⎯⎯⎯⎯⎯
Serialized Error: { __vitest_rollup_error__: { plugin: &apos;vite:import-analysis&apos;, id: &apos;/home/gachomocaleb/projects/assignments1/plantshop/react-hooks-plantshop-cr-vite/react-hooks-plantshop-cr-vite/src/__tests__/test_suites/CreatePlant.test.jsx&apos;, loc: { file: &apos;/home/gachomocaleb/projects/assignments1/plantshop/react-hooks-plantshop-cr-vite/react-hooks-plantshop-cr-vite/src/__tests__/test_suites/CreatePlant.test.jsx&apos;, line: 3, column: 16 }, frame: &apos;1  |  import React from &quot;react&quot;;\n2  |  import { render, fireEvent } from &quot;@testing-library/react&quot;;\n3  |  import App from &quot;../../components/App&quot;;\n   |                   ^\n4  |  import &quot;@testing-library/jest-dom/vitest&quot;;\n5  |  import { describe, test, expect } from &quot;vitest&quot;;&apos; } }
            </failure>
        </testcase>
    </testsuite>
    <testsuite name="react-hooks-plantshop-cr-vite/src/__tests__/test_suites/InStock.test.jsx" timestamp="2026-08-12T12:15:00.921Z" hostname="CALEB-DESKTOP" tests="1" failures="1" errors="0" skipped="0" time="0">
        <testcase classname="react-hooks-plantshop-cr-vite/src/__tests__/test_suites/InStock.test.jsx" name="react-hooks-plantshop-cr-vite/src/__tests__/test_suites/InStock.test.jsx" time="0">
            <failure message="Failed to resolve import &quot;../../components/App&quot; from &quot;react-hooks-plantshop-cr-vite/src/__tests__/test_suites/InStock.test.jsx&quot;. Does the file exist?" type="Error">
Error: Failed to resolve import &quot;../../components/App&quot; from &quot;react-hooks-plantshop-cr-vite/src/__tests__/test_suites/InStock.test.jsx&quot;. Does the file exist?
  Plugin: vite:import-analysis
  File: /home/gachomocaleb/projects/assignments1/plantshop/react-hooks-plantshop-cr-vite/react-hooks-plantshop-cr-vite/src/__tests__/test_suites/InStock.test.jsx:3:16
  1  |  import React from &quot;react&quot;;
  2  |  import { render, fireEvent, within } from &quot;@testing-library/react&quot;;
  3  |  import App from &quot;../../components/App&quot;;
     |                   ^
  4  |  import &quot;@testing-library/jest-dom/vitest&quot;;
  5  |  import { describe, test, expect } from &quot;vitest&quot;;
 ❯ TransformPluginContext._formatLog node_modules/vite/dist/node/chunks/dep-CfG9u7Cn.js:47802:41
 ❯ TransformPluginContext.error node_modules/vite/dist/node/chunks/dep-CfG9u7Cn.js:47799:16
 ❯ normalizeUrl node_modules/vite/dist/node/chunks/dep-CfG9u7Cn.js:45942:23
 ❯ node_modules/vite/dist/node/chunks/dep-CfG9u7Cn.js:46061:37
 ❯ TransformPluginContext.transform node_modules/vite/dist/node/chunks/dep-CfG9u7Cn.js:45988:7
 ❯ EnvironmentPluginContainer.transform node_modules/vite/dist/node/chunks/dep-CfG9u7Cn.js:47597:18
 ❯ loadAndTransform node_modules/vite/dist/node/chunks/dep-CfG9u7Cn.js:41305:27

⎯⎯⎯⎯⎯⎯⎯⎯⎯⎯⎯⎯⎯⎯⎯⎯⎯⎯⎯⎯⎯⎯⎯⎯⎯⎯⎯⎯⎯⎯⎯⎯⎯⎯⎯⎯⎯⎯⎯⎯⎯⎯⎯⎯⎯⎯⎯⎯⎯⎯⎯⎯⎯⎯⎯⎯⎯⎯⎯⎯⎯⎯⎯⎯⎯⎯⎯⎯⎯⎯⎯⎯⎯⎯⎯⎯⎯⎯⎯⎯
Serialized Error: { __vitest_rollup_error__: { plugin: &apos;vite:import-analysis&apos;, id: &apos;/home/gachomocaleb/projects/assignments1/plantshop/react-hooks-plantshop-cr-vite/react-hooks-plantshop-cr-vite/src/__tests__/test_suites/InStock.test.jsx&apos;, loc: { file: &apos;/home/gachomocaleb/projects/assignments1/plantshop/react-hooks-plantshop-cr-vite/react-hooks-plantshop-cr-vite/src/__tests__/test_suites/InStock.test.jsx&apos;, line: 3, column: 16 }, frame: &apos;1  |  import React from &quot;react&quot;;\n2  |  import { render, fireEvent, within } from &quot;@testing-library/react&quot;;\n3  |  import App from &quot;../../components/App&quot;;\n   |                   ^\n4  |  import &quot;@testing-library/jest-dom/vitest&quot;;\n5  |  import { describe, test, expect } from &quot;vitest&quot;;&apos; } }
            </failure>
        </testcase>
    </testsuite>
    <testsuite name="react-hooks-plantshop-cr-vite/src/__tests__/test_suites/SearchPlants.test.jsx" timestamp="2026-08-12T12:15:00.928Z" hostname="CALEB-DESKTOP" tests="1" failures="1" errors="0" skipped="0" time="0">
        <testcase classname="react-hooks-plantshop-cr-vite/src/__tests__/test_suites/SearchPlants.test.jsx" name="react-hooks-plantshop-cr-vite/src/__tests__/test_suites/SearchPlants.test.jsx" time="0">
            <failure message="Failed to resolve import &quot;../../components/App&quot; from &quot;react-hooks-plantshop-cr-vite/src/__tests__/test_suites/SearchPlants.test.jsx&quot;. Does the file exist?" type="Error">
Error: Failed to resolve import &quot;../../components/App&quot; from &quot;react-hooks-plantshop-cr-vite/src/__tests__/test_suites/SearchPlants.test.jsx&quot;. Does the file exist?
  Plugin: vite:import-analysis
  File: /home/gachomocaleb/projects/assignments1/plantshop/react-hooks-plantshop-cr-vite/react-hooks-plantshop-cr-vite/src/__tests__/test_suites/SearchPlants.test.jsx:3:16
  1  |  import React from &quot;react&quot;;
  2  |  import { render, fireEvent, waitFor } from &quot;@testing-library/react&quot;;
  3  |  import App from &quot;../../components/App&quot;;
     |                   ^
  4  |  import &quot;@testing-library/jest-dom/vitest&quot;;
  5  |  import { describe, test, expect } from &quot;vitest&quot;;
 ❯ TransformPluginContext._formatLog node_modules/vite/dist/node/chunks/dep-CfG9u7Cn.js:47802:41
 ❯ TransformPluginContext.error node_modules/vite/dist/node/chunks/dep-CfG9u7Cn.js:47799:16
 ❯ normalizeUrl node_modules/vite/dist/node/chunks/dep-CfG9u7Cn.js:45942:23
 ❯ node_modules/vite/dist/node/chunks/dep-CfG9u7Cn.js:46061:37
 ❯ TransformPluginContext.transform node_modules/vite/dist/node/chunks/dep-CfG9u7Cn.js:45988:7
 ❯ EnvironmentPluginContainer.transform node_modules/vite/dist/node/chunks/dep-CfG9u7Cn.js:47597:18
 ❯ loadAndTransform node_modules/vite/dist/node/chunks/dep-CfG9u7Cn.js:41305:27

⎯⎯⎯⎯⎯⎯⎯⎯⎯⎯⎯⎯⎯⎯⎯⎯⎯⎯⎯⎯⎯⎯⎯⎯⎯⎯⎯⎯⎯⎯⎯⎯⎯⎯⎯⎯⎯⎯⎯⎯⎯⎯⎯⎯⎯⎯⎯⎯⎯⎯⎯⎯⎯⎯⎯⎯⎯⎯⎯⎯⎯⎯⎯⎯⎯⎯⎯⎯⎯⎯⎯⎯⎯⎯⎯⎯⎯⎯⎯⎯
Serialized Error: { __vitest_rollup_error__: { plugin: &apos;vite:import-analysis&apos;, id: &apos;/home/gachomocaleb/projects/assignments1/plantshop/react-hooks-plantshop-cr-vite/react-hooks-plantshop-cr-vite/src/__tests__/test_suites/SearchPlants.test.jsx&apos;, loc: { file: &apos;/home/gachomocaleb/projects/assignments1/plantshop/react-hooks-plantshop-cr-vite/react-hooks-plantshop-cr-vite/src/__tests__/test_suites/SearchPlants.test.jsx&apos;, line: 3, column: 16 }, frame: &apos;1  |  import React from &quot;react&quot;;\n2  |  import { render, fireEvent, waitFor } from &quot;@testing-library/react&quot;;\n3  |  import App from &quot;../../components/App&quot;;\n   |                   ^\n4  |  import &quot;@testing-library/jest-dom/vitest&quot;;\n5  |  import { describe, test, expect } from &quot;vitest&quot;;&apos; } }
            </failure>
        </testcase>
    </testsuite>
</testsuites>
